// Jest Snapshot v1, https://goo.gl/fbAQLP

exports[`ExchangeRatesBox should render correctly 1`] = `
<ExchangeRatesBox
  store={
    Object {
      "dispatch": [Function],
      "getState": [Function],
      "replaceReducer": [Function],
      "subscribe": [Function],
      Symbol(observable): [Function],
    }
  }
/>
`;
